USERGENDER,USERCITY,USERSENTIMENT,ZIPCODE,SKU,CREATEDATE,CATEGORY,PRICE,COUNTY,COUNTYCODE,USERSTATE,CATEGORYGROUP,KBC_SYNCED_AT
Male,New York,1,10001,SKU1,2023-01-01,Electronics,199.99000,New York,NY,NY,Electronics,2023-11-03 14:50:42.833622
Female,Los Angeles,5,90001,SKU2,2023-01-02,Books,14.99000,Los Angeles,CA,CA,Books,2023-11-03 14:50:42.833622
Male,New York,1,10001,SKU1,2023-01-01,Electronics,249.99000,New York,NY,NY,Electronics,2023-11-03 14:50:42.833622
Female,Mize,-1,39153,ZD111318,2013-09-23 22:38:29,Cameras,708.00000,Smith,28129,Mississippi,Electronics,2023-11-03 14:50:42.833622
